{
  "candidate_count": 66,
  "current_verified": 0,
  "inherited_classifications_preserved": true,
  "completion_mode": true,
  "errors": [
    "CLM-MATH-001: incomplete evidence obligations",
    "CLM-MATH-002: incomplete evidence obligations",
    "CLM-MATH-003: incomplete evidence obligations",
    "CLM-MATH-004: incomplete evidence obligations",
    "CLM-MATH-005: incomplete evidence obligations",
    "CLM-MATH-006: incomplete evidence obligations",
    "CLM-MATH-007: incomplete evidence obligations",
    "CLM-MATH-008: incomplete evidence obligations",
    "CLM-METH-001: incomplete evidence obligations",
    "CLM-METH-002: incomplete evidence obligations",
    "CLM-METH-003: incomplete evidence obligations",
    "CLM-METH-004: incomplete evidence obligations",
    "CLM-METH-005: incomplete evidence obligations",
    "CLM-OPER-001: incomplete evidence obligations",
    "CLM-OPER-002: incomplete evidence obligations",
    "CLM-CONT-001: incomplete evidence obligations",
    "CLM-CONT-002: incomplete evidence obligations",
    "CLM-OBST-001: incomplete evidence obligations",
    "CLM-OBST-002: incomplete evidence obligations",
    "CLM-OBST-003: incomplete evidence obligations",
    "CLM-LAGU-001: incomplete evidence obligations",
    "CLM-LAGU-002: incomplete evidence obligations",
    "CLM-LAGU-003: incomplete evidence obligations",
    "CLM-LAGU-004: incomplete evidence obligations",
    "CLM-LAGU-005: incomplete evidence obligations",
    "CLM-AIRY-001: incomplete evidence obligations",
    "CLM-AIRY-002: incomplete evidence obligations",
    "CLM-AIRY-003: incomplete evidence obligations",
    "CLM-AIRY-004: incomplete evidence obligations",
    "CLM-AIRY-005: incomplete evidence obligations",
    "CLM-AIRY-006: incomplete evidence obligations",
    "CLM-AIRY-007: incomplete evidence obligations",
    "CLM-OBST-004: incomplete evidence obligations",
    "CLM-OBST-005: incomplete evidence obligations",
    "CLM-OBST-006: incomplete evidence obligations",
    "CLM-OBST-007: incomplete evidence obligations",
    "CLM-OBST-008: incomplete evidence obligations",
    "CLM-OBST-009: incomplete evidence obligations",
    "CLM-OBST-010: incomplete evidence obligations",
    "CLM-OBST-011: incomplete evidence obligations",
    "CLM-OBST-012: incomplete evidence obligations",
    "CLM-OBST-013: incomplete evidence obligations",
    "CLM-OBST-014: incomplete evidence obligations",
    "CLM-OBST-015: incomplete evidence obligations",
    "CLM-GRAM-001: incomplete evidence obligations",
    "CLM-GRAM-002: incomplete evidence obligations",
    "CLM-GRAM-003: incomplete evidence obligations",
    "CLM-VERF-001: incomplete evidence obligations",
    "CLM-VERF-002: incomplete evidence obligations",
    "CLM-VERF-003: incomplete evidence obligations",
    "CLM-VERF-004: incomplete evidence obligations",
    "CLM-VERF-005: incomplete evidence obligations",
    "CLM-VERF-006: incomplete evidence obligations",
    "CLM-VERF-007: incomplete evidence obligations",
    "CLM-PRIO-001: incomplete evidence obligations",
    "CLM-PRIO-002: incomplete evidence obligations",
    "CLM-PRIO-003: incomplete evidence obligations",
    "CLM-PRIO-004: incomplete evidence obligations",
    "CLM-PRIO-005: incomplete evidence obligations",
    "CLM-PRIO-006: incomplete evidence obligations",
    "CLM-PRIO-007: incomplete evidence obligations",
    "CLM-PRIO-008: incomplete evidence obligations",
    "CLM-PRIO-009: incomplete evidence obligations",
    "CLM-PRIO-010: incomplete evidence obligations",
    "CLM-PRIO-011: incomplete evidence obligations",
    "CLM-PRIO-012: incomplete evidence obligations"
  ],
  "result": "FAIL"
}
