{
  "candidate_count": 66,
  "current_verified": 54,
  "inherited_classifications_preserved": true,
  "completion_mode": false,
  "version_records_checked": 181,
  "stored_version_checks": 175,
  "execution_records_checked": [
    "evidence/computation-logs/PASS4-PHASE0-COMPLETION-GATE.run.json",
    "evidence/computation-logs/PASS4-PHASE0-HASH-DOMAINS.run.json",
    "evidence/computation-logs/PASS4-PHASE0-PRESERVATION.run.json",
    "evidence/computation-logs/PASS4-PHASE0-PUBLICATION.run.json",
    "evidence/computation-logs/PASS4-PHASE0-VALIDATION-CORRECTED.run.json",
    "evidence/computation-logs/PASS4-PHASE0-VALIDATION.run.json",
    "evidence/computation-logs/PASS4-PHASE1-CHUK-COLLECTED.run.json",
    "evidence/computation-logs/PASS4-PHASE1-KUBER-CLONE.run.json",
    "evidence/computation-logs/PASS4-PHASE1-KUBER-COLLECTED.run.json",
    "evidence/computation-logs/PASS4-PHASE1-KUBER-COLLECTION-RETRY.run.json",
    "evidence/computation-logs/PASS4-PHASE1-KUBER-COLLECTION.run.json",
    "evidence/computation-logs/PASS4-PHASE1-PUBLICATION.run.json",
    "evidence/computation-logs/PASS4-PHASE1-VALIDATION.run.json",
    "evidence/computation-logs/PASS4-PHASE2-PUBLICATION-VALIDATED.run.json",
    "evidence/computation-logs/PASS4-PHASE2-PUBLICATION.run.json",
    "evidence/computation-logs/PASS4-PHASE2-SEARCHES-EXECUTED.run.json",
    "evidence/computation-logs/PASS4-PHASE3-MATH-CHECKS.run.json",
    "evidence/computation-logs/PASS4-PHASE3-PUBLICATION.run.json",
    "evidence/computation-logs/PASS4-REPLAY-CERT-8OF8.run.json",
    "evidence/computation-logs/PASS4-REPLAY-PYTEST-IDENTITIES.run.json",
    "evidence/computation-logs/PASS4-REPLAY-PYTEST-RETRY.run.json",
    "evidence/computation-logs/PASS4-REPLAY-PYTEST.run.json",
    "evidence/computation-logs/PASS4-REPLAY-RUST-CERT.run.json",
    "evidence/computation-logs/PASS4-REPLAY-RUST-ENGINE.run.json"
  ],
  "source_unchanged": true,
  "source_entries_checked": 2805,
  "errors": [
    "reports/interim/PASS_4_PHASE_4_REPORT.md: missing or invalid referenced file: reports/interim/../../source/riemann-conjecture/formal/Cert"
  ],
  "result": "FAIL"
}
