Executing searches for TOPIC-001: Weil Positivity Theorems, Support Continuation, and Moving Dimension...
  arXiv [Exact Terminology] 'all:"Weil positivity" AND all:"compact s...' -> 0 hits (status 406)
  arXiv [Exact Terminology] 'all:"Weil quadratic form" AND all:"suppo...' -> 0 hits (status 406)
  arXiv [Mathematical Equivalents] 'all:"explicit formula" AND all:"positive...' -> 0 hits (status 406)
  arXiv [Operator & Function Theory] 'all:"Paley-Wiener" AND all:"Weil positiv...' -> 0 hits (status 406)
  arXiv [Known Ingredient Combinations] 'all:"Yoshida" AND all:"Hermitian forms" ...' -> 0 hits (status 406)
  arXiv [Known Ingredient Combinations] 'all:"Bombieri" AND all:"Weil's quadratic...' -> 0 hits (status 406)
  Crossref 'Weil positivity compact support...' -> 989568 hits (status 200)
  Crossref 'explicit formula positive definite compa...' -> 1477945 hits (status 200)
  Crossref 'Yoshida Hermitian forms attached to zeta...' -> 831583 hits (status 200)
  GitHub 'Weil positivity Riemann...' -> 7 hits (status 200)
  GitHub 'Weil quadratic form support continuation...' -> 0 hits (status 200)
Executing searches for TOPIC-002: Legendre Harmonic Coercivity, Exact-Prime Decomposition, and Schur Criteria...
  arXiv [Exact Terminology] 'all:"Tuck" AND all:"Legendre" AND all:"h...' -> 0 hits (status 406)
  arXiv [Exact Terminology] 'all:"tail-Gram" OR all:"component tail-G...' -> 0 hits (status 406)
  arXiv [Mathematical Equivalents] 'all:"Legendre polynomial" AND all:"singu...' -> 0 hits (status 406)
  arXiv [Operator & Function Theory] 'all:"Schur complement" AND all:"Feshbach...' -> 0 hits (status 406)
  arXiv [Operator & Function Theory] 'all:"compressed shift" AND all:"Chebyshe...' -> 0 hits (status 406)
  arXiv [Known Ingredient Combinations] 'all:"Schur complement" AND all:"Gram mat...' -> 0 hits (status 406)
  Crossref 'Tuck Some methods for flows past blunt s...' -> 3264885 hits (status 200)
  Crossref 'Legendre polynomial singular integral lo...' -> 371786 hits (status 200)
  Crossref 'Schur complement operator positivity inf...' -> 893045 hits (status 200)
  GitHub 'Legendre harmonic coercivity...' -> 0 hits (status 200)
  GitHub 'tail-Gram Schur complement...' -> 0 hits (status 200)
Executing searches for TOPIC-003: Li Criterion, Prime-Laguerre Sequences, and Schoenberg CND Semigroups...
  arXiv [Exact Terminology] 'all:"Li coefficients" AND all:"Laguerre"...' -> 0 hits (status 406)
  arXiv [Exact Terminology] 'all:"Schoenberg" AND all:"conditionally ...' -> 0 hits (status 406)
  arXiv [Exact Terminology] 'all:"pole-subtracted" AND all:"Laguerre"...' -> 0 hits (status 406)
  arXiv [Mathematical Equivalents] 'all:"Euler product" AND all:"Laguerre" A...' -> 0 hits (status 406)
  arXiv [Operator & Function Theory] 'all:"infinitely divisible" AND all:"conv...' -> 0 hits (status 406)
  arXiv [Known Ingredient Combinations] 'all:"Lagarias" AND all:"Li coefficients ...' -> 0 hits (status 406)
  arXiv [Known Ingredient Combinations] 'all:"Bombieri" AND all:"Lagarias" AND al...' -> 0 hits (status 406)
  Crossref 'Lagarias Li coefficients for automorphic...' -> 6081090 hits (status 200)
  Crossref 'Bombieri Lagarias Complements to Li's cr...' -> 163971 hits (status 200)
  Crossref 'Schoenberg Metric spaces and positive de...' -> 1145744 hits (status 200)
  GitHub 'Li coefficients Laguerre...' -> 0 hits (status 200)
  GitHub 'Schoenberg conditionally negative defini...' -> 0 hits (status 200)
Executing searches for TOPIC-004: Airy Saddle Asymptotics, Stationary Phase, and Nonlinear Chirp Kernel...
  arXiv [Exact Terminology] 'all:"Airy saddle" AND all:"Laguerre"...' -> 0 hits (status 406)
  arXiv [Exact Terminology] 'all:"Mellin chirp" AND all:"prime"...' -> 0 hits (status 406)
  arXiv [Mathematical Equivalents] 'all:"Laguerre polynomial" AND all:"stati...' -> 0 hits (status 406)
  arXiv [Operator & Function Theory] 'all:"Cayley transform" AND all:"zero mod...' -> 0 hits (status 406)
  arXiv [Known Ingredient Combinations] 'all:"Arias de Reyna" AND all:"Keiper-Li"...' -> 0 hits (status 406)
  Crossref 'Arias de Reyna Asymptotics of Keiper-Li ...' -> 17422749 hits (status 200)
  Crossref 'Laguerre polynomial asymptotic saddle po...' -> 546637 hits (status 200)
  GitHub 'Laguerre Airy saddle...' -> 0 hits (status 200)
  GitHub 'Mellin chirp prime kernel...' -> 0 hits (status 200)
Executing searches for TOPIC-005: Analytical Barriers, Rank-One Hessians, and Structural Obstructions...
  arXiv [Exact Terminology] 'all:"rank-one Hessian" AND all:"multipli...' -> 0 hits (status 406)
  arXiv [Exact Terminology] 'all:"Vaughan" AND all:"Heath-Brown" AND ...' -> 0 hits (status 406)
  arXiv [Exact Terminology] 'all:"Montgomery-Vaughan" AND all:"mean-v...' -> 0 hits (status 406)
  arXiv [Mathematical Equivalents] 'all:"Type-II sum" AND all:"phase separab...' -> 0 hits (status 406)
  arXiv [Mathematical Equivalents] 'all:"digamma" AND all:"positive-kernel d...' -> 0 hits (status 406)
  arXiv [Known Ingredient Combinations] 'all:"Suzuki" AND all:"screw function" AN...' -> 0 hits (status 406)
  arXiv [Known Ingredient Combinations] 'all:"Vinogradov-Korobov" AND all:"prime ...' -> 0 hits (status 406)
  Crossref 'Montgomery Vaughan Hilbert's inequality...' -> 215618 hits (status 200)
  Crossref 'Heath-Brown Prime numbers in short inter...' -> 1417586 hits (status 200)
  Crossref 'Suzuki Weil's quadratic form via the scr...' -> 2885329 hits (status 200)
  GitHub 'Vaughan Heath-Brown bilinear phase...' -> 0 hits (status 200)
  GitHub 'Suzuki screw function Weil...' -> 1 hits (status 200)
Executing searches for TOPIC-006: Zero-Floating-Point Verification Architecture and Formal Soundness...
  arXiv [Exact Terminology] 'all:"zero-floating-point" AND all:"verif...' -> 0 hits (status 406)
  arXiv [Exact Terminology] 'all:"Lean 4" AND all:"Weil positivity"...' -> 0 hits (status 406)
  arXiv [Mathematical Equivalents] 'all:"exact rational certificate" AND all...' -> 0 hits (status 406)
  arXiv [Mathematical Equivalents] 'all:"LDL decomposition" AND all:"Gershgo...' -> 0 hits (status 406)
  arXiv [Operator & Function Theory] 'all:"computer-assisted proof" AND all:"s...' -> 0 hits (status 406)
  arXiv [Known Ingredient Combinations] 'all:"Arb" AND all:"ball arithmetic" AND ...' -> 0 hits (status 406)
  Crossref 'Johansson Arb arbitrary precision ball a...' -> 498689 hits (status 200)
  Crossref 'Rump Verification methods rigorous resul...' -> 8453381 hits (status 200)
  Crossref 'Lean 4 formal mathematics Mathlib...' -> 1323804 hits (status 200)
  GitHub 'rh_cert Weil positivity...' -> 0 hits (status 200)
  GitHub 'Lean 4 Weil explicit formula...' -> 0 hits (status 200)
{
  "status": "PASS",
  "topics_count": 6,
  "manifest_path": "evidence/phase2/search/MANIFEST.json"
}
