
running 11 tests
test laguerre::tests::test_contiguous_identity ... ok
test laguerre::tests::test_batch_matches_scalar ... ok
test laguerre::tests::test_laguerre_l1_small ... ok
test phase::tests::test_uniform_formula_inversion ... ok
test phase::tests::test_small_u_formula_inversion ... ok
test phase::tests::test_uniform_phase_matches_critical_cayley_phase ... ok
test sieve::tests::test_simple_sieve ... ok
test sieve::tests::test_sieve_segment_matches_simple ... ok
test phase::tests::test_uniform_t_and_u_relation ... ok
test sieve::tests::test_higher_prime_powers ... ok
test summation::tests::test_neumaier_precision ... ok

test result: ok. 11 passed; 0 failed; 0 ignored; 0 measured; 0 filtered out; finished in 0.00s


running 0 tests

test result: ok. 0 passed; 0 failed; 0 ignored; 0 measured; 0 filtered out; finished in 0.00s


running 4 tests
test test_laguerre_contiguous_relations ... ok
test test_prime_count_invariants ... ok
test test_trace_degree_one_matches_prime_sum ... ok
test test_range_bins_partition_consistency ... ok

test result: ok. 4 passed; 0 failed; 0 ignored; 0 measured; 0 filtered out; finished in 0.00s


running 0 tests

test result: ok. 0 passed; 0 failed; 0 ignored; 0 measured; 0 filtered out; finished in 0.00s

