
running 0 tests

test result: ok. 0 passed; 0 failed; 0 ignored; 0 measured; 0 filtered out; finished in 0.00s


running 0 tests

test result: ok. 0 passed; 0 failed; 0 ignored; 0 measured; 0 filtered out; finished in 0.00s


running 3 tests
test tail_lower_bound_is_absorbed_before_ldl ... ok
test shared_conformance_corpus_matches_rust_validator ... ok
test cli_exit_codes_distinguish_theorem_failure_from_contract_error ... ok

test result: ok. 3 passed; 0 failed; 0 ignored; 0 measured; 0 filtered out; finished in 0.08s


running 24 tests
test exact_prime_profile_accepts_t_two_fifths_dimension_40 ... ok
test exact_prime_profile_accepts_seventeen_fortieths_dimension_48 ... ok
test exact_prime_profile_accepts_nine_twentieths_dimension_56 ... ok
test exact_prime_profile_accepts_nineteen_fortieths_dimension_68 ... ok
test exact_prime_profile_accepts_one_half_dimension_80 ... ok
test exact_prime_profile_distinguishes_theorem_failure ... ok
test exact_prime_profile_recomputes_schur_and_passes ... ok
test exact_prime_profile_rejects_mixed_nine_twentieths_pair ... ok
test exact_prime_profile_rejects_mixed_whitelist_pair ... ok
test exact_prime_profile_rejects_mixed_seventeen_fortieths_pair ... ok
test exact_prime_profile_rejects_nonpositive_complement_bound ... ok
test exact_prime_profile_rejects_nonzero_cross_parity_entry ... ok
test exact_prime_profile_rejects_mixed_nineteen_fortieths_pair ... ok
test exact_prime_profile_accepts_twenty_seven_fiftieths_dimension_104 ... ok
test exact_prime_profile_accepts_twenty_one_fortieths_dimension_96 ... ok
test exact_prime_profile_rejects_singular_witness ... ok
test exact_prime_profile_rejects_one_half_dimension_76 ... ok
test exact_prime_profile_rejects_twenty_one_fortieths_dimension_104 ... ok
test exact_prime_profile_rejects_twenty_seven_fiftieths_dimension_100 ... ok
test exact_prime_profile_rejects_twenty_one_fortieths_dimension_100 ... ok
test exact_prime_profile_rejects_wrong_factor ... ok
test exact_prime_profile_rejects_twenty_seven_fiftieths_dimension_108 ... ok
test exact_prime_profile_rejects_twenty_seven_fiftieths_dimension_96 ... ok
test exact_prime_admission_matches_shared_test_corpus ... ok

test result: ok. 24 passed; 0 failed; 0 ignored; 0 measured; 0 filtered out; finished in 8.59s


running 2 tests
test optimized_generic_congruence_preserves_nonsymmetric_inputs ... ok
test optimized_congruence_matches_naive_dense_reference_exactly ... ok

test result: ok. 2 passed; 0 failed; 0 ignored; 0 measured; 0 filtered out; finished in 0.00s


running 7 tests
test test_interval_construction ... ok
test exact_rational_scaling_matches_point_interval_multiplication ... ok
test test_division_by_zero_fails ... ok
test test_fraction_string_parsing ... ok
test test_interval_squaring ... ok
test test_arithmetic_operations ... ok
test test_predicates ... ok

test result: ok. 7 passed; 0 failed; 0 ignored; 0 measured; 0 filtered out; finished in 0.00s


running 6 tests
test test_3x3_positive_definite_matrix ... ok
test test_2x2_positive_definite_matrix ... ok
test test_identity_matrix ... ok
test scalar_identity_shift_changes_only_the_diagonal ... ok
test test_non_symmetric_matrix_rejection ... ok
test test_2x2_indefinite_matrix ... ok

test result: ok. 6 passed; 0 failed; 0 ignored; 0 measured; 0 filtered out; finished in 0.00s


running 6 tests
test prop_interval_squaring_inclusion ... ok
test prop_interval_subtraction_inclusion ... ok
test prop_interval_division_inclusion ... ok
test prop_interval_addition_inclusion ... ok
test prop_interval_multiplication_inclusion ... ok
test prop_diagonally_dominant_matrices_are_positive_definite ... ok

test result: ok. 6 passed; 0 failed; 0 ignored; 0 measured; 0 filtered out; finished in 0.01s


running 0 tests

test result: ok. 0 passed; 0 failed; 0 ignored; 0 measured; 0 filtered out; finished in 0.00s

