================================================================================
PASS 3 COMPUTATIONAL REPLAY EXECUTION LOG
================================================================================
Command:          cargo test --release
Working Directory:C:\Users\carlo\Documents\1_Add_Projects\audit-riemann-work\source\riemann-conjecture\crates\rh_cert
Start Timestamp:  2026-09-25T01:53:02.982660+00:00
End Timestamp:    2026-09-25T01:54:06.265081+00:00
Host OS / Arch:   Windows 11 (AMD64)
Python Version:   3.14.0 (tags/v3.14.0:ebf955d, Oct  7 2025, 10:15:03) [MSC v.1944 64 bit (AMD64)]
Rustc Version:    rustc 1.97.1 (8bab26f4f 2026-07-14)
Cargo Version:    cargo 1.97.1 (c980f4866 2026-06-30)
Exit Code:        0
================================================================================
STDOUT:
--------------------------------------------------------------------------------

running 0 tests

test result: ok. 0 passed; 0 failed; 0 ignored; 0 measured; 0 filtered out; finished in 0.00s


running 0 tests

test result: ok. 0 passed; 0 failed; 0 ignored; 0 measured; 0 filtered out; finished in 0.00s


running 3 tests
test tail_lower_bound_is_absorbed_before_ldl ... ok
test shared_conformance_corpus_matches_rust_validator ... ok
test cli_exit_codes_distinguish_theorem_failure_from_contract_error ... ok

test result: ok. 3 passed; 0 failed; 0 ignored; 0 measured; 0 filtered out; finished in 0.12s


running 24 tests
test exact_prime_profile_accepts_t_two_fifths_dimension_40 ... ok
test exact_prime_profile_accepts_seventeen_fortieths_dimension_48 ... ok
test exact_prime_profile_accepts_nine_twentieths_dimension_56 ... ok
test exact_prime_profile_accepts_nineteen_fortieths_dimension_68 ... ok
test exact_prime_profile_distinguishes_theorem_failure ... ok
test exact_prime_profile_recomputes_schur_and_passes ... ok
test exact_prime_profile_rejects_mixed_nine_twentieths_pair ... ok
test exact_prime_profile_accepts_one_half_dimension_80 ... ok
test exact_prime_profile_rejects_mixed_whitelist_pair ... ok
test exact_prime_profile_rejects_mixed_seventeen_fortieths_pair ... ok
test exact_prime_profile_rejects_nonpositive_complement_bound ... ok
test exact_prime_profile_rejects_nonzero_cross_parity_entry ... ok
test exact_prime_profile_rejects_mixed_nineteen_fortieths_pair ... ok
test exact_prime_profile_rejects_singular_witness ... ok
test exact_prime_profile_accepts_twenty_one_fortieths_dimension_96 ... ok
test exact_prime_profile_accepts_twenty_seven_fiftieths_dimension_104 ... ok
test exact_prime_profile_rejects_one_half_dimension_76 ... ok
test exact_prime_profile_rejects_twenty_seven_fiftieths_dimension_100 ... ok
test exact_prime_profile_rejects_twenty_one_fortieths_dimension_100 ... ok
test exact_prime_profile_rejects_wrong_factor ... ok
test exact_prime_profile_rejects_twenty_one_fortieths_dimension_104 ... ok
test exact_prime_profile_rejects_twenty_seven_fiftieths_dimension_96 ... ok
test exact_prime_profile_rejects_twenty_seven_fiftieths_dimension_108 ... ok
test exact_prime_admission_matches_shared_test_corpus ... ok

test result: ok. 24 passed; 0 failed; 0 ignored; 0 measured; 0 filtered out; finished in 7.10s


running 2 tests
test optimized_generic_congruence_preserves_nonsymmetric_inputs ... ok
test optimized_congruence_matches_naive_dense_reference_exactly ... ok

test result: ok. 2 passed; 0 failed; 0 ignored; 0 measured; 0 filtered out; finished in 0.00s


running 7 tests
test test_division_by_zero_fails ... ok
test test_fraction_string_parsing ... ok
test exact_rational_scaling_matches_point_interval_multiplication ... ok
test test_interval_construction ... ok
test test_arithmetic_operations ... ok
test test_interval_squaring ... ok
test test_predicates ... ok

test result: ok. 7 passed; 0 failed; 0 ignored; 0 measured; 0 filtered out; finished in 0.00s


running 6 tests
test scalar_identity_shift_changes_only_the_diagonal ... ok
test test_2x2_positive_definite_matrix ... ok
test test_2x2_indefinite_matrix ... ok
test test_3x3_positive_definite_matrix ... ok
test test_identity_matrix ... ok
test test_non_symmetric_matrix_rejection ... ok

test result: ok. 6 passed; 0 failed; 0 ignored; 0 measured; 0 filtered out; finished in 0.00s


running 6 tests
test prop_interval_addition_inclusion ... ok
test prop_interval_squaring_inclusion ... ok
test prop_interval_subtraction_inclusion ... ok
test prop_interval_division_inclusion ... ok
test prop_interval_multiplication_inclusion ... ok
test prop_diagonally_dominant_matrices_are_positive_definite ... ok

test result: ok. 6 passed; 0 failed; 0 ignored; 0 measured; 0 filtered out; finished in 0.01s


running 0 tests

test result: ok. 0 passed; 0 failed; 0 ignored; 0 measured; 0 filtered out; finished in 0.00s


================================================================================
STDERR:
--------------------------------------------------------------------------------
   Compiling windows-link v0.2.1
   Compiling cfg-if v1.0.4
   Compiling getrandom v0.3.4
   Compiling num-traits v0.2.19
   Compiling serde_core v1.0.229
   Compiling getrandom v0.4.3
   Compiling windows-sys v0.61.2
   Compiling anstyle v1.0.14
   Compiling zerocopy v0.8.56
   Compiling utf8parse v0.2.2
   Compiling once_cell_polyfill v1.70.2
   Compiling rand_core v0.9.5
   Compiling anstyle-parse v1.0.0
   Compiling anstyle-wincon v3.0.11
   Compiling anstyle-query v1.1.5
   Compiling colorchoice v1.0.5
   Compiling is_terminal_polyfill v1.70.2
   Compiling anstream v1.0.0
   Compiling num-integer v0.1.47
   Compiling fastrand v2.5.0
   Compiling once_cell v1.21.4
   Compiling strsim v0.11.1
   Compiling clap_lex v1.1.0
   Compiling clap_builder v4.6.6
   Compiling serde v1.0.229
   Compiling tempfile v3.27.0
   Compiling zmij v1.0.23
   Compiling fnv v1.0.7
   Compiling num-bigint v0.4.8
   Compiling itoa v1.0.18
   Compiling memchr v2.8.3
   Compiling bit-vec v0.8.0
   Compiling wait-timeout v0.2.1
   Compiling quick-error v1.2.3
   Compiling serde_json v1.0.151
   Compiling rusty-fork v0.3.1
   Compiling bit-set v0.8.0
   Compiling num-rational v0.4.2
   Compiling clap v4.6.6
   Compiling ppv-lite86 v0.2.21
   Compiling rand_xorshift v0.4.0
   Compiling rand v0.9.5
   Compiling thiserror v2.0.20
   Compiling rand_chacha v0.9.0
   Compiling bitflags v2.13.1
   Compiling unarray v0.1.4
   Compiling regex-syntax v0.8.11
   Compiling rh_cert v0.1.0 (C:\Users\carlo\Documents\1_Add_Projects\audit-riemann-work\source\riemann-conjecture\crates\rh_cert)
   Compiling proptest v1.11.0
    Finished `release` profile [optimized] target(s) in 54.97s
     Running unittests src\lib.rs (C:\Users\carlo\Documents\1_Add_Projects\audit-riemann-work\source\riemann-conjecture\target\release\deps\rh_cert-1c8509a9edb65075.exe)
     Running unittests src\main.rs (C:\Users\carlo\Documents\1_Add_Projects\audit-riemann-work\source\riemann-conjecture\target\release\deps\rh_cert-98f98b69c58adc87.exe)
     Running tests\test_cert.rs (C:\Users\carlo\Documents\1_Add_Projects\audit-riemann-work\source\riemann-conjecture\target\release\deps\test_cert-258cb34a9a35b02a.exe)
     Running tests\test_exact_prime_schur.rs (C:\Users\carlo\Documents\1_Add_Projects\audit-riemann-work\source\riemann-conjecture\target\release\deps\test_exact_prime_schur-c2e6810bb4ee8b9e.exe)
     Running tests\test_gershgorin.rs (C:\Users\carlo\Documents\1_Add_Projects\audit-riemann-work\source\riemann-conjecture\target\release\deps\test_gershgorin-ebe9f2800708199c.exe)
     Running tests\test_interval.rs (C:\Users\carlo\Documents\1_Add_Projects\audit-riemann-work\source\riemann-conjecture\target\release\deps\test_interval-4cefc0f027b032a3.exe)
     Running tests\test_ldl.rs (C:\Users\carlo\Documents\1_Add_Projects\audit-riemann-work\source\riemann-conjecture\target\release\deps\test_ldl-53601a663bea72fa.exe)
     Running tests\test_proptest.rs (C:\Users\carlo\Documents\1_Add_Projects\audit-riemann-work\source\riemann-conjecture\target\release\deps\test_proptest-3f68291c59d3d0fe.exe)
   Doc-tests rh_cert

================================================================================
END OF LOG
================================================================================
