Replaying 8 retained theorem certificates using C:\Users\carlo\Documents\1_Add_Projects\audit-riemann-work\source\riemann-conjecture\target\release\rh_cert.exe...
[1/8] C-0050 (T=7/20, N=32) -> PASS in 0.168s (exit 0, sha256: 99ed74cc8fdb96ae...)
      stdout: ============================================================
RH Exact Rational Certificate Verifier (rh_cert)
============================================================
Certificate: "C:\\Users\\carl
[2/8] C-0051 (T=2/5, N=40) -> PASS in 0.307s (exit 0, sha256: 8f9fa235beb9b4ee...)
      stdout: ============================================================
RH Exact Rational Certificate Verifier (rh_cert)
============================================================
Certificate: "C:\\Users\\carl
[3/8] C-0052 (T=17/40, N=48) -> PASS in 0.554s (exit 0, sha256: 6c74a386097bb30c...)
      stdout: ============================================================
RH Exact Rational Certificate Verifier (rh_cert)
============================================================
Certificate: "C:\\Users\\carl
[4/8] C-0053 (T=9/20, N=56) -> PASS in 1.009s (exit 0, sha256: 98f2b839d7f52c97...)
      stdout: ============================================================
RH Exact Rational Certificate Verifier (rh_cert)
============================================================
Certificate: "C:\\Users\\carl
[5/8] C-0054 (T=19/40, N=68) -> PASS in 1.261s (exit 0, sha256: d9ba45f0026de31d...)
      stdout: ============================================================
RH Exact Rational Certificate Verifier (rh_cert)
============================================================
Certificate: "C:\\Users\\carl
[6/8] C-0055 (T=1/2, N=80) -> PASS in 2.222s (exit 0, sha256: 95dd6c7a497ad605...)
      stdout: ============================================================
RH Exact Rational Certificate Verifier (rh_cert)
============================================================
Certificate: "C:\\Users\\carl
[7/8] C-0056 (T=21/40, N=96) -> PASS in 3.897s (exit 0, sha256: a455dcb995a56f6d...)
      stdout: ============================================================
RH Exact Rational Certificate Verifier (rh_cert)
============================================================
Certificate: "C:\\Users\\carl
[8/8] C-0057 (T=27/50, N=104) -> PASS in 5.288s (exit 0, sha256: 75187f3be283ca95...)
      stdout: ============================================================
RH Exact Rational Certificate Verifier (rh_cert)
============================================================
Certificate: "C:\\Users\\carl

Summary: 8/8 certificates verified successfully.
